C:\Users\hp\OneDrive\Desktop\shopping-cart-spring-boot-main\shopping-cart-spring-boot-main\src\main\java\com\ecom\model\Cart.java
C:\Users\hp\OneDrive\Desktop\shopping-cart-spring-boot-main\shopping-cart-spring-boot-main\src\main\java\com\ecom\repository\UserRepository.java
C:\Users\hp\OneDrive\Desktop\shopping-cart-spring-boot-main\shopping-cart-spring-boot-main\src\main\java\com\ecom\service\CategoryService.java
C:\Users\hp\OneDrive\Desktop\shopping-cart-spring-boot-main\shopping-cart-spring-boot-main\src\main\java\com\ecom\model\UserDtls.java
C:\Users\hp\OneDrive\Desktop\shopping-cart-spring-boot-main\shopping-cart-spring-boot-main\src\main\java\com\ecom\controller\AdminController.java
C:\Users\hp\OneDrive\Desktop\shopping-cart-spring-boot-main\shopping-cart-spring-boot-main\src\main\java\com\ecom\util\CommonUtil.java
C:\Users\hp\OneDrive\Desktop\shopping-cart-spring-boot-main\shopping-cart-spring-boot-main\src\main\java\com\ecom\repository\CartRepository.java
C:\Users\hp\OneDrive\Desktop\shopping-cart-spring-boot-main\shopping-cart-spring-boot-main\src\main\java\com\ecom\service\impl\UserServiceImpl.java
C:\Users\hp\OneDrive\Desktop\shopping-cart-spring-boot-main\shopping-cart-spring-boot-main\src\main\java\com\ecom\service\impl\OrderServiceImpl.java
C:\Users\hp\OneDrive\Desktop\shopping-cart-spring-boot-main\shopping-cart-spring-boot-main\src\main\java\com\ecom\controller\UserController.java
C:\Users\hp\OneDrive\Desktop\shopping-cart-spring-boot-main\shopping-cart-spring-boot-main\src\main\java\com\ecom\service\CommonService.java
C:\Users\hp\OneDrive\Desktop\shopping-cart-spring-boot-main\shopping-cart-spring-boot-main\src\main\java\com\ecom\service\impl\ProductServiceImpl.java
C:\Users\hp\OneDrive\Desktop\shopping-cart-spring-boot-main\shopping-cart-spring-boot-main\src\main\java\com\ecom\ShoppingCartApplication.java
C:\Users\hp\OneDrive\Desktop\shopping-cart-spring-boot-main\shopping-cart-spring-boot-main\src\main\java\com\ecom\service\CartService.java
C:\Users\hp\OneDrive\Desktop\shopping-cart-spring-boot-main\shopping-cart-spring-boot-main\src\main\java\com\ecom\model\Product.java
C:\Users\hp\OneDrive\Desktop\shopping-cart-spring-boot-main\shopping-cart-spring-boot-main\src\main\java\com\ecom\model\Category.java
C:\Users\hp\OneDrive\Desktop\shopping-cart-spring-boot-main\shopping-cart-spring-boot-main\src\main\java\com\ecom\config\UserDetailsServiceImpl.java
C:\Users\hp\OneDrive\Desktop\shopping-cart-spring-boot-main\shopping-cart-spring-boot-main\src\main\java\com\ecom\util\AppConstant.java
C:\Users\hp\OneDrive\Desktop\shopping-cart-spring-boot-main\shopping-cart-spring-boot-main\src\main\java\com\ecom\repository\ProductOrderRepository.java
C:\Users\hp\OneDrive\Desktop\shopping-cart-spring-boot-main\shopping-cart-spring-boot-main\src\main\java\com\ecom\repository\CategoryRepository.java
C:\Users\hp\OneDrive\Desktop\shopping-cart-spring-boot-main\shopping-cart-spring-boot-main\src\main\java\com\ecom\service\OrderService.java
C:\Users\hp\OneDrive\Desktop\shopping-cart-spring-boot-main\shopping-cart-spring-boot-main\src\main\java\com\ecom\service\CommnServiceImpl.java
C:\Users\hp\OneDrive\Desktop\shopping-cart-spring-boot-main\shopping-cart-spring-boot-main\src\main\java\com\ecom\controller\HomeController.java
C:\Users\hp\OneDrive\Desktop\shopping-cart-spring-boot-main\shopping-cart-spring-boot-main\src\main\java\com\ecom\config\CustomUser.java
C:\Users\hp\OneDrive\Desktop\shopping-cart-spring-boot-main\shopping-cart-spring-boot-main\src\main\java\com\ecom\service\UserService.java
C:\Users\hp\OneDrive\Desktop\shopping-cart-spring-boot-main\shopping-cart-spring-boot-main\src\main\java\com\ecom\repository\ProductRepository.java
C:\Users\hp\OneDrive\Desktop\shopping-cart-spring-boot-main\shopping-cart-spring-boot-main\src\main\java\com\ecom\model\ProductOrder.java
C:\Users\hp\OneDrive\Desktop\shopping-cart-spring-boot-main\shopping-cart-spring-boot-main\src\main\java\com\ecom\model\OrderAddress.java
C:\Users\hp\OneDrive\Desktop\shopping-cart-spring-boot-main\shopping-cart-spring-boot-main\src\main\java\com\ecom\config\SecurityConfig.java
C:\Users\hp\OneDrive\Desktop\shopping-cart-spring-boot-main\shopping-cart-spring-boot-main\src\main\java\com\ecom\model\OrderRequest.java
C:\Users\hp\OneDrive\Desktop\shopping-cart-spring-boot-main\shopping-cart-spring-boot-main\src\main\java\com\ecom\service\impl\CartServiceImpl.java
C:\Users\hp\OneDrive\Desktop\shopping-cart-spring-boot-main\shopping-cart-spring-boot-main\src\main\java\com\ecom\service\impl\CategoryServiceImpl.java
C:\Users\hp\OneDrive\Desktop\shopping-cart-spring-boot-main\shopping-cart-spring-boot-main\src\main\java\com\ecom\config\AuthFailureHandlerImpl.java
C:\Users\hp\OneDrive\Desktop\shopping-cart-spring-boot-main\shopping-cart-spring-boot-main\src\main\java\com\ecom\service\ProductService.java
C:\Users\hp\OneDrive\Desktop\shopping-cart-spring-boot-main\shopping-cart-spring-boot-main\src\main\java\com\ecom\util\OrderStatus.java
C:\Users\hp\OneDrive\Desktop\shopping-cart-spring-boot-main\shopping-cart-spring-boot-main\src\main\java\com\ecom\config\AuthSucessHandlerImpl.java
